(node:86625) ExperimentalWarning: SQLite is an experimental feature and might change at any time
(Use `node --trace-warnings ...` to show where the warning was created)
✔ one Host service drives Fake multiround and reports ZCode unavailability without fallback (71.679125ms)
✔ Host persists M1 Task sidebar metadata by Task ID and validates mutation ownership (17.120583ms)
✔ Host cold ZCode recovery keeps Task ownership and waits for compatible configuration (13.655042ms)
✔ Host service forwards text queue intent and cancellation to persisted Runtime inputs (15.893542ms)
✔ concurrent engine list refreshes share only the in-flight probe (4.876125ms)
✔ Host stages a renderer-selected local path through the existing transfer service (14.9345ms)
✔ Harness tasks use their selected project workspace without changing another Task's routing (21.724666ms)
✔ Host-owned Harness reads native assistant rows through a trusted ZCode connection (14.353708ms)
✔ Host adopts a persisted share import and sends its context ref on the first Task Input (13.119375ms)
✔ Host coalesces only the same import request and adopts a shared native Session once (7.6005ms)
✔ Host Skill catalog reads require the matching active Task Session (12.028834ms)
(node:86627) ExperimentalWarning: SQLite is an experimental feature and might change at any time
(Use `node --trace-warnings ...` to show where the warning was created)
✔ ZCode rechecks authorization after capability refresh before native Session creation (1.712209ms)
✔ ZCode cold resume keeps the Session ID and reconciliation requires native terminal provenance (0.850583ms)
✔ ZCode reconciliation cannot infer terminal outcomes from transcript-shaped rows (0.143ms)
✔ ZCode reconciliation accepts only exact persisted native terminal provenance (0.207041ms)
✔ ZCode reconciliation maps an exact persisted cancelled terminal event to stopped (0.079875ms)
✔ ZCode reconciles a persisted Session read-only without guessing terminal provenance (0.15225ms)
✔ ZCode resume and reconciliation refuse mismatched or ambiguous native identities (0.257333ms)
✔ ZCode reconciliation stays unknown without an exact stable native projection (0.305333ms)
✔ Runtime promotes queued ZCode text with its persisted command ID using startNow (24.753625ms)
✔ ZCode compaction waits for lifecycle evidence after a duplicate ACK (11.245584ms)
✔ ZCode forwards compact instructions through M0 session/compact and correlates by operation ID (2.936333ms)
✔ ZCode does not misattribute an existing or unknown M0 compact result (0.763542ms)
✔ ZCode unknown compaction ACK is recorded as unknown and never resent (0.364125ms)
✔ ZCode queues plain compaction while a native turn is active and keeps terminal outcomes distinct (12.365125ms)
✔ Runtime preserves each input configuration and ZCode sends it through the active Session (5.113833ms)
✔ ZCode Goal control uses a typed native command with the product Input identity (0.827416ms)
✔ Runtime persists a Goal Input and only the original Task can dispatch its typed command (7.560792ms)
✔ ZCode refuses Goal control when native Session became busy before dispatch (0.3895ms)
✔ Goal remains running across native setup and continuation turns until the target is complete (4.395083ms)
✔ Goal terminal reconciliation becomes unknown after repeated native Session read failures (604.176375ms)
✔ ZCode dispatches only currently advertised custom slash commands (0.731542ms)
✔ ZCode maps Host-resolved Engine attachments to native sendText references (0.151958ms)
✔ ZCode attaches an imported shared-context ref to one accepted Input only (0.285ms)
✔ ZCode rejects an unsupported adapter-specific mode before native dispatch (2.614041ms)
✔ an invalid configured model leaves a rejected input without native dispatch or Execution (2.424875ms)
✔ ZCode fork resolves a stable native turn and adopts one distinct child Session (1.643625ms)
✔ ZCode fork never guesses an absent target and reconciles a lost native ACK by command ID (0.279875ms)
✔ ZCode checks Host eligibility after asynchronous model validation (0.134792ms)
✔ ZCode checks Host eligibility after asynchronous revision row lookup (0.459709ms)
✔ ZCode checks Host eligibility after asynchronous fork row lookup (0.124959ms)
✔ ZCode edit and retry resolve only their native source turn and preserve a stable command ID (0.586709ms)
✔ failed ZCode retry records a new attempt while a completed tool effect cannot be replayed (46.688417ms)
✔ ZCode edit sends the selected native attachments and refuses a mismatched source (0.411ms)
✔ ZCode revision reconciles a lost ACK once and rejects absent native targets (0.345ms)
✔ after different models in one Harness Session only the latest canonical turn can be edited (0.175ms)
✔ ZCode assistant feedback resolves and updates the exact current native row (0.330208ms)
✔ ZCode feedback rechecks Host eligibility after asynchronous row pagination (0.114459ms)
✔ ZCode feedback pages to the exact old row and fails closed for missing or ambiguous targets (0.453834ms)
✔ ZCode feedback refuses pagination across projection revisions before sending a row command (0.113208ms)
✔ ZCode maps a native stale-revision feedback ACK to a retryable result (0.066125ms)
✔ ZCode file rewind resolves its own native turn, compares preview, and rechecks dispatch (1.263875ms)
✔ ZCode feedback returns unknown without an attached Session and does not guess row IDs (0.368583ms)
✔ ZCode pins the first selected Provider while allowing same-Provider model changes (0.377542ms)
✔ ZCode requires explicit model selection before pinning a Session Provider (0.139583ms)
✔ CLI loss before sendText ACK leaves the command outcome unknown (0.935167ms)
✔ ZCode capability refresh reads the existing provider configuration revision (0.090041ms)
✔ a late ZCode capability probe cannot replace newer provider state (0.735042ms)
✔ the native protocol accepts scheduled display and started capability evidence (2.418375ms)
✔ ZCode tool cards retain native name and input without inventing a start (0.606208ms)
✔ development observation failpoint ends only the exact acknowledged Adapter run (8.198834ms)
✔ a mismatched native Stop ACK stays unknown through Adapter and Runtime (6.500875ms)
✔ Stop rechecks revoked Host authorization after the service waits and before native dispatch (7.075417ms)
✔ unknown observed run retains only its exact native stop lease until terminal reconciliation (35.892458ms)
✔ late native event stays with its completed run until CLI loss (0.425958ms)
✔ CLI lifecycle loss ends an acknowledged run with unknown evidence (0.106958ms)
✔ a live Host reconciles a disconnected original run before accepting another turn (18.328667ms)
✔ disconnected ZCode work stays unknown until its original native terminal is reconciled (21.843541ms)
✔ lost ZCode sendText ACK stays unknown and reconciles only its original Input (21.477458ms)
✔ legacy unknown retry reconciles with nativeRevisionCommandId and keeps revision ownership (28.131333ms)
✔ cold ZCode recovery refuses changed configuration and an expired grant before native resume (12.750667ms)
✔ cold ZCode recovery refuses terminal Tasks and cross-Task Session identity (7.611958ms)
✔ a grant expiring during native ZCode resume cannot publish an active product Session (4.845875ms)
✔ native start before sendText ACK uses the acknowledged input ID (0.222084ms)
✔ native model text streams before completion without duplicate or reasoning content (0.450584ms)
✔ ZCode ACK, native start, approval, stop request and terminal remain distinct (0.804959ms)
✔ lost native command response is unknown and never auto retried (0.10575ms)
✔ direct ZCode permission request keeps native options and can be rejected (0.182208ms)
✔ approval is forwarded only when the native ACK proves delivery (0.69275ms)
✔ an approval from a prior execution cannot be answered by the next execution (0.151458ms)
✔ a native-invalidated allow answer remains unknown and cannot authorize another Task or turn (11.239125ms)
✔ native permission denial wins over local answer and user-input marker is not a request (0.454708ms)
✔ single-choice user input maps to a constrained native AskUserQuestion answer (1.9265ms)
✔ native user-input response preserves its answer and rejection action (0.488875ms)
✔ native AskUserQuestion empty result resolves its exact request once before terminal (0.443333ms)
✔ AskUserQuestion tool error does not become an accepted empty answer (0.329792ms)
✔ user-input reply is unknown when the native ACK does not prove delivery (0.366542ms)
✔ multi-question and multi-select input keeps only the request-bound v4 answer envelope (0.355583ms)
✔ workflow Refine is a request-scoped permission option and sends native freeText (0.261041ms)
✔ Adapter observation failpoint requires an exact isolated development identity and consumes once (18.615166ms)
ℹ tests 90
ℹ suites 0
ℹ pass 90
ℹ fail 0
ℹ cancelled 0
ℹ skipped 0
ℹ todo 0
ℹ duration_ms 1983.616042
